
> portfolio@0.0.0 build
> vite build

vite v8.0.2 building client environment for production...
[2Ktransforming...✓ 900 modules transformed.
rendering chunks...
✗ Build failed in 390ms
error during build:
Build failed with 3 errors:

[31m[MISSING_EXPORT] Error:[0m "Grid2" is not exported by "node_modules/@mui/material/esm/index.js".
   [38;5;246m╭[0m[38;5;246m─[0m[38;5;246m[[0m src/components/ProjectGrid.jsx:2:21 [38;5;246m][0m
   [38;5;246m│[0m
 [38;5;246m2 │[0m [38;5;249mi[0m[38;5;249mm[0m[38;5;249mp[0m[38;5;249mo[0m[38;5;249mr[0m[38;5;249mt[0m[38;5;249m [0m[38;5;249m{[0m[38;5;249m [0m[38;5;249mC[0m[38;5;249mo[0m[38;5;249mn[0m[38;5;249mt[0m[38;5;249ma[0m[38;5;249mi[0m[38;5;249mn[0m[38;5;249me[0m[38;5;249mr[0m[38;5;249m,[0m[38;5;249m [0mGrid2[38;5;249m [0m[38;5;249ma[0m[38;5;249ms[0m[38;5;249m [0m[38;5;249mG[0m[38;5;249mr[0m[38;5;249mi[0m[38;5;249md[0m[38;5;249m,[0m[38;5;249m [0m[38;5;249mB[0m[38;5;249mo[0m[38;5;249mx[0m[38;5;249m [0m[38;5;249m}[0m[38;5;249m [0m[38;5;249mf[0m[38;5;249mr[0m[38;5;249mo[0m[38;5;249mm[0m[38;5;249m [0m[38;5;249m"[0m[38;5;249m@[0m[38;5;249mm[0m[38;5;249mu[0m[38;5;249mi[0m[38;5;249m/[0m[38;5;249mm[0m[38;5;249ma[0m[38;5;249mt[0m[38;5;249me[0m[38;5;249mr[0m[38;5;249mi[0m[38;5;249ma[0m[38;5;249ml[0m[38;5;249m"[0m[38;5;249m;[0m
 [38;5;240m  │[0m                     ──┬──  
 [38;5;240m  │[0m                       ╰──── Missing export
[38;5;246m───╯[0m

[31m[MISSING_EXPORT] Error:[0m "Grid2" is not exported by "node_modules/@mui/material/esm/index.js".
   [38;5;246m╭[0m[38;5;246m─[0m[38;5;246m[[0m src/components/SkillsBoard.jsx:2:27 [38;5;246m][0m
   [38;5;246m│[0m
 [38;5;246m2 │[0m [38;5;249mi[0m[38;5;249mm[0m[38;5;249mp[0m[38;5;249mo[0m[38;5;249mr[0m[38;5;249mt[0m[38;5;249m [0m[38;5;249m{[0m[38;5;249m [0m[38;5;249mB[0m[38;5;249mo[0m[38;5;249mx[0m[38;5;249m,[0m[38;5;249m [0m[38;5;249mT[0m[38;5;249my[0m[38;5;249mp[0m[38;5;249mo[0m[38;5;249mg[0m[38;5;249mr[0m[38;5;249ma[0m[38;5;249mp[0m[38;5;249mh[0m[38;5;249my[0m[38;5;249m,[0m[38;5;249m [0mGrid2[38;5;249m [0m[38;5;249ma[0m[38;5;249ms[0m[38;5;249m [0m[38;5;249mG[0m[38;5;249mr[0m[38;5;249mi[0m[38;5;249md[0m[38;5;249m,[0m[38;5;249m [0m[38;5;249mC[0m[38;5;249mo[0m[38;5;249mn[0m[38;5;249mt[0m[38;5;249ma[0m[38;5;249mi[0m[38;5;249mn[0m[38;5;249me[0m[38;5;249mr[0m[38;5;249m,[0m[38;5;249m [0m[38;5;249mL[0m[38;5;249mi[0m[38;5;249mn[0m[38;5;249me[0m[38;5;249ma[0m[38;5;249mr[0m[38;5;249mP[0m[38;5;249mr[0m[38;5;249mo[0m[38;5;249mg[0m[38;5;249mr[0m[38;5;249me[0m[38;5;249ms[0m[38;5;249ms[0m[38;5;249m [0m[38;5;249m}[0m[38;5;249m [0m[38;5;249mf[0m[38;5;249mr[0m[38;5;249mo[0m[38;5;249mm[0m[38;5;249m [0m[38;5;249m"[0m[38;5;249m@[0m[38;5;249mm[0m[38;5;249mu[0m[38;5;249mi[0m[38;5;249m/[0m[38;5;249mm[0m[38;5;249ma[0m[38;5;249mt[0m[38;5;249me[0m[38;5;249mr[0m[38;5;249mi[0m[38;5;249ma[0m[38;5;249ml[0m[38;5;249m"[0m[38;5;249m;[0m
 [38;5;240m  │[0m                           ──┬──  
 [38;5;240m  │[0m                             ╰──── Missing export
[38;5;246m───╯[0m

[31m[MISSING_EXPORT] Error:[0m "Grid2" is not exported by "node_modules/@mui/material/esm/index.js".
   [38;5;246m╭[0m[38;5;246m─[0m[38;5;246m[[0m src/components/AboutSection.jsx:2:27 [38;5;246m][0m
   [38;5;246m│[0m
 [38;5;246m2 │[0m [38;5;249mi[0m[38;5;249mm[0m[38;5;249mp[0m[38;5;249mo[0m[38;5;249mr[0m[38;5;249mt[0m[38;5;249m [0m[38;5;249m{[0m[38;5;249m [0m[38;5;249mB[0m[38;5;249mo[0m[38;5;249mx[0m[38;5;249m,[0m[38;5;249m [0m[38;5;249mT[0m[38;5;249my[0m[38;5;249mp[0m[38;5;249mo[0m[38;5;249mg[0m[38;5;249mr[0m[38;5;249ma[0m[38;5;249mp[0m[38;5;249mh[0m[38;5;249my[0m[38;5;249m,[0m[38;5;249m [0mGrid2[38;5;249m [0m[38;5;249ma[0m[38;5;249ms[0m[38;5;249m [0m[38;5;249mG[0m[38;5;249mr[0m[38;5;249mi[0m[38;5;249md[0m[38;5;249m,[0m[38;5;249m [0m[38;5;249mC[0m[38;5;249mo[0m[38;5;249mn[0m[38;5;249mt[0m[38;5;249ma[0m[38;5;249mi[0m[38;5;249mn[0m[38;5;249me[0m[38;5;249mr[0m[38;5;249m,[0m[38;5;249m [0m[38;5;249mP[0m[38;5;249ma[0m[38;5;249mp[0m[38;5;249me[0m[38;5;249mr[0m[38;5;249m,[0m[38;5;249m [0m[38;5;249mS[0m[38;5;249mt[0m[38;5;249ma[0m[38;5;249mc[0m[38;5;249mk[0m[38;5;249m [0m[38;5;249m}[0m[38;5;249m [0m[38;5;249mf[0m[38;5;249mr[0m[38;5;249mo[0m[38;5;249mm[0m[38;5;249m [0m[38;5;249m"[0m[38;5;249m@[0m[38;5;249mm[0m[38;5;249mu[0m[38;5;249mi[0m[38;5;249m/[0m[38;5;249mm[0m[38;5;249ma[0m[38;5;249mt[0m[38;5;249me[0m[38;5;249mr[0m[38;5;249mi[0m[38;5;249ma[0m[38;5;249ml[0m[38;5;249m"[0m[38;5;249m;[0m
 [38;5;240m  │[0m                           ──┬──  
 [38;5;240m  │[0m                             ╰──── Missing export
[38;5;246m───╯[0m

    at aggregateBindingErrorsIntoJsError (file:///home/sanskarsontakke/Portfolio/node_modules/rolldown/dist/shared/error-D8cGyrC7.mjs:48:18)
    at unwrapBindingResult (file:///home/sanskarsontakke/Portfolio/node_modules/rolldown/dist/shared/error-D8cGyrC7.mjs:18:128)
    at #build (file:///home/sanskarsontakke/Portfolio/node_modules/rolldown/dist/shared/rolldown-build-CL9PyQ2E.mjs:3313:34)
    at async buildEnvironment (file:///home/sanskarsontakke/Portfolio/node_modules/vite/dist/node/chunks/node.js:32829:64)
    at async Object.build (file:///home/sanskarsontakke/Portfolio/node_modules/vite/dist/node/chunks/node.js:33251:19)
    at async Object.buildApp (file:///home/sanskarsontakke/Portfolio/node_modules/vite/dist/node/chunks/node.js:33248:153)
    at async CAC.<anonymous> (file:///home/sanskarsontakke/Portfolio/node_modules/vite/dist/node/cli.js:778:3) {
  errors: [Getter/Setter]
}
